.\game\hub\hub.resources;43440
.\game\hub\hub_patch1.resources;17368
.\game\pvp\pvp_bronco\pvp_bronco.resources;19892
.\game\pvp\pvp_bronco\pvp_bronco_patch1.resources;47948
.\game\pvp\pvp_deathvalley\pvp_deathvalley.resources;11676
.\game\pvp\pvp_deathvalley\pvp_deathvalley_patch1.resources;48028
.\game\pvp\pvp_inferno\pvp_inferno.resources;18880
.\game\pvp\pvp_inferno\pvp_inferno_patch1.resources;47688
.\game\pvp\pvp_laser\pvp_laser.resources;7748
.\game\pvp\pvp_laser\pvp_laser_patch1.resources;47888
.\game\pvp\pvp_shrapnel\pvp_shrapnel.resources;10568
.\game\pvp\pvp_shrapnel\pvp_shrapnel_patch1.resources;47708
.\game\pvp\pvp_thunder\pvp_thunder.resources;1768
.\game\pvp\pvp_thunder\pvp_thunder_patch1.resources;48008
.\game\pvp\pvp_zap\pvp_zap.resources;5144
.\game\pvp\pvp_zap\pvp_zap_patch1.resources;47868
.\game\shell\shell.resources;21684
.\game\sp\e1m1_intro\e1m1_intro.resources;38240
.\game\sp\e1m1_intro\e1m1_intro_patch1.resources;8824
.\game\sp\e1m1_intro\e1m1_intro_patch2.resources;47768
.\game\sp\e1m2_battle\e1m2_battle.resources;41120
.\game\sp\e1m2_battle\e1m2_battle_patch1.resources;6244
.\game\sp\e1m2_battle\e1m2_battle_patch2.resources;48048
.\game\sp\e1m3_cult\e1m3_cult.resources;46184
.\game\sp\e1m3_cult\e1m3_cult_patch1.resources;12744
.\game\sp\e1m3_cult\e1m3_cult_patch2.resources;47728
.\game\sp\e1m4_boss\e1m4_boss.resources;33628
.\game\sp\e1m4_boss\e1m4_boss_patch1.resources;16564
.\game\sp\e1m4_boss\e1m4_boss_patch2.resources;47988
.\game\sp\e2m1_nest\e2m1_nest.resources;44436
.\game\sp\e2m1_nest\e2m1_nest_patch1.resources;7000
.\game\sp\e2m1_nest\e2m1_nest_patch2.resources;47928
.\game\sp\e2m2_base\e2m2_base.resources;34712
.\game\sp\e2m2_base\e2m2_base_patch1.resources;20920
.\game\sp\e2m2_base\e2m2_base_patch2.resources;47908
.\game\sp\e2m3_core\e2m3_core.resources;28960
.\game\sp\e2m3_core\e2m3_core_patch1.resources;14352
.\game\sp\e2m3_core\e2m3_core_patch2.resources;47788
.\game\sp\e2m4_boss\e2m4_boss.resources;42740
.\game\sp\e2m4_boss\e2m4_boss_patch1.resources;4072
.\game\sp\e3m1_slayer\e3m1_slayer.resources;32192
.\game\sp\e3m1_slayer\e3m1_slayer_patch1.resources;15108
.\game\sp\e3m1_slayer\e3m1_slayer_patch2.resources;47808
.\game\sp\e3m2_hell\e3m2_hell.resources;27756
.\game\sp\e3m2_hell\e3m2_hell_patch1.resources;18156
.\game\sp\e3m2_hell\e3m2_hell_patch2.resources;47828
.\game\sp\e3m2_hell_b\e3m2_hell_b.resources;39980
.\game\sp\e3m2_hell_b\e3m2_hell_b_patch1.resources;15840
.\game\sp\e3m2_hell_b\e3m2_hell_b_patch2.resources;47968
.\game\sp\e3m3_maykr\e3m3_maykr.resources;37180
.\game\sp\e3m3_maykr\e3m3_maykr_patch1.resources;13476
.\game\sp\e3m3_maykr\e3m3_maykr_patch2.resources;47748
.\game\sp\e3m4_boss\e3m4_boss.resources;31004
.\game\sp\e3m4_boss\e3m4_boss_patch1.resources;9692
.\game\sp\e3m4_boss\e3m4_boss_patch2.resources;48068
.\game\tutorials\tutorial_demons.resources;4932
.\game\tutorials\tutorial_pvp_laser\tutorial_pvp_laser.resources;2956
.\game\tutorials\tutorial_pvp_laser\tutorial_pvp_laser_patch1.resources;47848
.\gameresources.resources;22464
.\gameresources_patch1.resources;8
.\gameresources_patch2.resources;47652
.\warehouse.resources;548
